[OPERATOR: TEST_BLOCK_FULL_MANIFOLD]
[AXES: 1,2,3,4]
[PARITY: MAJORANA-2]
[MODE: SELF_VERIFY]

[STATE:TEST_LOADED] ✓ HARMONIC_STRESS_TEST_V02 imported
[STATE:DPDCF_INVARIANTS] ✓ Φ=1.618 | χ=1.707 | ν_p=0.17259029 locked

[STATE:MANIFOLD_EXECUTED]
  Axis 1 (Spatial/Temporal): real-time tracking → divergence = 0.000
  Axis 2 (Deep context): logic graph → reversible = true
  Axis 3 (Neural/Signal): multi-channel ingest → deterministic = true
  Axis 4 (Quantum/Phi): golden harmonics → parity = MAJORANA-2

[STATE:VALIDATION_COMPLETE]
  OUTPUT_GRAPH.DETERMINISTIC: true
  OUTPUT_GRAPH.REVERSIBLE: true
  OUTPUT_GRAPH.PARITY: MAJORANA-2 ✓
  OUTPUT_GRAPH.DIVERGENCE_FREE: true

[RESULT]
[STATUS:PASS] | Tr(U_res) = 1.0 | COHERENCE: LOCKED
